mode: set
github.com/DavidHoenisch/coraza-operator/api/v1alpha1/ipblocklist_types.go:92.13,94.2 1 0
github.com/DavidHoenisch/coraza-operator/api/v1alpha1/zz_generated.deepcopy.go:28.59,30.2 1 0
github.com/DavidHoenisch/coraza-operator/api/v1alpha1/zz_generated.deepcopy.go:33.52,34.15 1 0
github.com/DavidHoenisch/coraza-operator/api/v1alpha1/zz_generated.deepcopy.go:34.15,36.3 1 0
github.com/DavidHoenisch/coraza-operator/api/v1alpha1/zz_generated.deepcopy.go:37.2,39.12 3 0
github.com/DavidHoenisch/coraza-operator/api/v1alpha1/zz_generated.deepcopy.go:43.61,45.2 1 0
github.com/DavidHoenisch/coraza-operator/api/v1alpha1/zz_generated.deepcopy.go:48.54,49.15 1 0
github.com/DavidHoenisch/coraza-operator/api/v1alpha1/zz_generated.deepcopy.go:49.15,51.3 1 0
github.com/DavidHoenisch/coraza-operator/api/v1alpha1/zz_generated.deepcopy.go:52.2,54.12 3 0
github.com/DavidHoenisch/coraza-operator/api/v1alpha1/zz_generated.deepcopy.go:58.55,64.2 5 0
github.com/DavidHoenisch/coraza-operator/api/v1alpha1/zz_generated.deepcopy.go:67.48,68.15 1 0
github.com/DavidHoenisch/coraza-operator/api/v1alpha1/zz_generated.deepcopy.go:68.15,70.3 1 0
github.com/DavidHoenisch/coraza-operator/api/v1alpha1/zz_generated.deepcopy.go:71.2,73.12 3 0
github.com/DavidHoenisch/coraza-operator/api/v1alpha1/zz_generated.deepcopy.go:77.56,78.34 1 0
github.com/DavidHoenisch/coraza-operator/api/v1alpha1/zz_generated.deepcopy.go:78.34,80.3 1 0
github.com/DavidHoenisch/coraza-operator/api/v1alpha1/zz_generated.deepcopy.go:81.2,81.12 1 0
github.com/DavidHoenisch/coraza-operator/api/v1alpha1/zz_generated.deepcopy.go:85.63,89.21 4 0
github.com/DavidHoenisch/coraza-operator/api/v1alpha1/zz_generated.deepcopy.go:89.21,92.22 3 0
github.com/DavidHoenisch/coraza-operator/api/v1alpha1/zz_generated.deepcopy.go:92.22,94.4 1 0
github.com/DavidHoenisch/coraza-operator/api/v1alpha1/zz_generated.deepcopy.go:99.56,100.15 1 0
github.com/DavidHoenisch/coraza-operator/api/v1alpha1/zz_generated.deepcopy.go:100.15,102.3 1 0
github.com/DavidHoenisch/coraza-operator/api/v1alpha1/zz_generated.deepcopy.go:103.2,105.12 3 0
github.com/DavidHoenisch/coraza-operator/api/v1alpha1/zz_generated.deepcopy.go:109.60,110.34 1 0
github.com/DavidHoenisch/coraza-operator/api/v1alpha1/zz_generated.deepcopy.go:110.34,112.3 1 0
github.com/DavidHoenisch/coraza-operator/api/v1alpha1/zz_generated.deepcopy.go:113.2,113.12 1 0
github.com/DavidHoenisch/coraza-operator/api/v1alpha1/zz_generated.deepcopy.go:117.63,119.23 2 0
github.com/DavidHoenisch/coraza-operator/api/v1alpha1/zz_generated.deepcopy.go:119.23,122.22 3 0
github.com/DavidHoenisch/coraza-operator/api/v1alpha1/zz_generated.deepcopy.go:122.22,124.4 1 0
github.com/DavidHoenisch/coraza-operator/api/v1alpha1/zz_generated.deepcopy.go:126.2,126.32 1 0
github.com/DavidHoenisch/coraza-operator/api/v1alpha1/zz_generated.deepcopy.go:130.56,131.15 1 0
github.com/DavidHoenisch/coraza-operator/api/v1alpha1/zz_generated.deepcopy.go:131.15,133.3 1 0
github.com/DavidHoenisch/coraza-operator/api/v1alpha1/zz_generated.deepcopy.go:134.2,136.12 3 0
github.com/DavidHoenisch/coraza-operator/api/v1alpha1/zz_generated.deepcopy.go:140.67,143.2 2 0
github.com/DavidHoenisch/coraza-operator/api/v1alpha1/zz_generated.deepcopy.go:146.60,147.15 1 0
github.com/DavidHoenisch/coraza-operator/api/v1alpha1/zz_generated.deepcopy.go:147.15,149.3 1 0
github.com/DavidHoenisch/coraza-operator/api/v1alpha1/zz_generated.deepcopy.go:150.2,152.12 3 0
github.com/DavidHoenisch/coraza-operator/api/v1alpha1/zz_generated.deepcopy.go:156.53,158.2 1 0
github.com/DavidHoenisch/coraza-operator/api/v1alpha1/zz_generated.deepcopy.go:161.46,162.15 1 0
github.com/DavidHoenisch/coraza-operator/api/v1alpha1/zz_generated.deepcopy.go:162.15,164.3 1 0
github.com/DavidHoenisch/coraza-operator/api/v1alpha1/zz_generated.deepcopy.go:165.2,167.12 3 0
github.com/DavidHoenisch/coraza-operator/api/v1alpha1/zz_generated.deepcopy.go:171.53,173.19 2 0
github.com/DavidHoenisch/coraza-operator/api/v1alpha1/zz_generated.deepcopy.go:173.19,177.3 3 0
github.com/DavidHoenisch/coraza-operator/api/v1alpha1/zz_generated.deepcopy.go:178.2,178.20 1 0
github.com/DavidHoenisch/coraza-operator/api/v1alpha1/zz_generated.deepcopy.go:178.20,182.3 3 0
github.com/DavidHoenisch/coraza-operator/api/v1alpha1/zz_generated.deepcopy.go:186.46,187.15 1 0
github.com/DavidHoenisch/coraza-operator/api/v1alpha1/zz_generated.deepcopy.go:187.15,189.3 1 0
github.com/DavidHoenisch/coraza-operator/api/v1alpha1/zz_generated.deepcopy.go:190.2,192.12 3 0
github.com/DavidHoenisch/coraza-operator/internal/sync/sync.go:27.65,28.21 1 0
github.com/DavidHoenisch/coraza-operator/internal/sync/sync.go:28.21,30.3 1 0
github.com/DavidHoenisch/coraza-operator/internal/sync/sync.go:31.2,31.43 1 0
github.com/DavidHoenisch/coraza-operator/internal/sync/sync.go:34.107,36.16 2 0
github.com/DavidHoenisch/coraza-operator/internal/sync/sync.go:36.16,38.3 1 0
github.com/DavidHoenisch/coraza-operator/internal/sync/sync.go:40.2,43.8 1 0
github.com/DavidHoenisch/coraza-operator/internal/sync/sync.go:52.100,54.2 1 1
github.com/DavidHoenisch/coraza-operator/internal/sync/sync.go:57.43,59.2 1 1
github.com/DavidHoenisch/coraza-operator/internal/source/git.go:20.34,22.2 1 1
github.com/DavidHoenisch/coraza-operator/internal/source/git.go:24.57,26.2 1 1
github.com/DavidHoenisch/coraza-operator/internal/source/git.go:28.101,29.23 1 1
github.com/DavidHoenisch/coraza-operator/internal/source/git.go:29.23,31.3 1 0
github.com/DavidHoenisch/coraza-operator/internal/source/git.go:33.2,34.18 2 1
github.com/DavidHoenisch/coraza-operator/internal/source/git.go:34.18,36.3 1 1
github.com/DavidHoenisch/coraza-operator/internal/source/git.go:38.2,39.16 2 1
github.com/DavidHoenisch/coraza-operator/internal/source/git.go:39.16,41.3 1 0
github.com/DavidHoenisch/coraza-operator/internal/source/git.go:42.2,50.16 3 1
github.com/DavidHoenisch/coraza-operator/internal/source/git.go:50.16,52.3 1 0
github.com/DavidHoenisch/coraza-operator/internal/source/git.go:54.2,55.16 2 1
github.com/DavidHoenisch/coraza-operator/internal/source/git.go:55.16,57.3 1 0
github.com/DavidHoenisch/coraza-operator/internal/source/git.go:59.2,60.16 2 1
github.com/DavidHoenisch/coraza-operator/internal/source/git.go:60.16,62.3 1 0
github.com/DavidHoenisch/coraza-operator/internal/source/git.go:64.2,67.8 1 1
github.com/DavidHoenisch/coraza-operator/internal/source/http.go:18.36,20.2 1 1
github.com/DavidHoenisch/coraza-operator/internal/source/http.go:22.58,24.2 1 1
github.com/DavidHoenisch/coraza-operator/internal/source/http.go:26.102,27.24 1 1
github.com/DavidHoenisch/coraza-operator/internal/source/http.go:27.24,29.3 1 0
github.com/DavidHoenisch/coraza-operator/internal/source/http.go:31.2,32.16 2 1
github.com/DavidHoenisch/coraza-operator/internal/source/http.go:32.16,34.3 1 0
github.com/DavidHoenisch/coraza-operator/internal/source/http.go:36.2,37.16 2 1
github.com/DavidHoenisch/coraza-operator/internal/source/http.go:37.16,39.3 1 0
github.com/DavidHoenisch/coraza-operator/internal/source/http.go:40.2,42.38 2 1
github.com/DavidHoenisch/coraza-operator/internal/source/http.go:42.38,44.3 1 0
github.com/DavidHoenisch/coraza-operator/internal/source/http.go:46.2,47.16 2 1
github.com/DavidHoenisch/coraza-operator/internal/source/http.go:47.16,49.3 1 0
github.com/DavidHoenisch/coraza-operator/internal/source/http.go:51.2,52.20 2 1
github.com/DavidHoenisch/coraza-operator/internal/source/http.go:52.20,54.3 1 0
github.com/DavidHoenisch/coraza-operator/internal/source/http.go:55.2,55.20 1 1
github.com/DavidHoenisch/coraza-operator/internal/source/http.go:55.20,57.3 1 0
github.com/DavidHoenisch/coraza-operator/internal/source/http.go:59.2,62.8 1 1
github.com/DavidHoenisch/coraza-operator/internal/source/parse.go:11.46,14.21 3 1
github.com/DavidHoenisch/coraza-operator/internal/source/parse.go:14.21,16.49 2 1
github.com/DavidHoenisch/coraza-operator/internal/source/parse.go:16.49,17.12 1 1
github.com/DavidHoenisch/coraza-operator/internal/source/parse.go:19.3,19.26 1 1
github.com/DavidHoenisch/coraza-operator/internal/source/parse.go:21.2,21.12 1 1
github.com/DavidHoenisch/coraza-operator/internal/source/source.go:30.49,32.35 2 1
github.com/DavidHoenisch/coraza-operator/internal/source/source.go:32.35,34.3 1 1
github.com/DavidHoenisch/coraza-operator/internal/source/source.go:35.2,35.17 1 1
github.com/DavidHoenisch/coraza-operator/internal/source/source.go:39.34,44.2 1 1
github.com/DavidHoenisch/coraza-operator/internal/source/source.go:47.105,48.23 1 1
github.com/DavidHoenisch/coraza-operator/internal/source/source.go:48.23,50.3 1 0
github.com/DavidHoenisch/coraza-operator/internal/source/source.go:52.2,56.37 4 1
github.com/DavidHoenisch/coraza-operator/internal/source/source.go:56.37,57.52 1 1
github.com/DavidHoenisch/coraza-operator/internal/source/source.go:57.52,59.4 1 0
github.com/DavidHoenisch/coraza-operator/internal/source/source.go:61.3,62.10 2 1
github.com/DavidHoenisch/coraza-operator/internal/source/source.go:62.10,64.4 1 0
github.com/DavidHoenisch/coraza-operator/internal/source/source.go:66.3,67.17 2 1
github.com/DavidHoenisch/coraza-operator/internal/source/source.go:67.17,69.4 1 0
github.com/DavidHoenisch/coraza-operator/internal/source/source.go:71.3,71.33 1 1
github.com/DavidHoenisch/coraza-operator/internal/source/source.go:71.33,72.37 1 1
github.com/DavidHoenisch/coraza-operator/internal/source/source.go:72.37,73.13 1 1
github.com/DavidHoenisch/coraza-operator/internal/source/source.go:75.4,76.31 2 1
github.com/DavidHoenisch/coraza-operator/internal/source/source.go:79.3,79.28 1 1
github.com/DavidHoenisch/coraza-operator/internal/source/source.go:79.28,81.4 1 1
github.com/DavidHoenisch/coraza-operator/internal/source/source.go:84.2,89.8 2 1
github.com/DavidHoenisch/coraza-operator/internal/source/source.go:93.63,94.21 1 1
github.com/DavidHoenisch/coraza-operator/internal/source/source.go:95.38,96.24 1 1
github.com/DavidHoenisch/coraza-operator/internal/source/source.go:96.24,98.4 1 1
github.com/DavidHoenisch/coraza-operator/internal/source/source.go:99.3,99.27 1 0
github.com/DavidHoenisch/coraza-operator/internal/source/source.go:99.27,101.4 1 0
github.com/DavidHoenisch/coraza-operator/internal/source/source.go:102.3,102.28 1 0
github.com/DavidHoenisch/coraza-operator/internal/source/source.go:102.28,104.4 1 0
github.com/DavidHoenisch/coraza-operator/internal/source/source.go:105.39,106.25 1 1
github.com/DavidHoenisch/coraza-operator/internal/source/source.go:106.25,108.4 1 0
github.com/DavidHoenisch/coraza-operator/internal/source/source.go:109.3,109.28 1 1
github.com/DavidHoenisch/coraza-operator/internal/source/source.go:109.28,111.4 1 0
github.com/DavidHoenisch/coraza-operator/internal/source/source.go:112.10,113.63 1 0
github.com/DavidHoenisch/coraza-operator/internal/source/source.go:116.2,116.12 1 1
github.com/DavidHoenisch/coraza-operator/cmd/main.go:50.13,55.2 2 0
github.com/DavidHoenisch/coraza-operator/cmd/main.go:58.13,98.38 24 0
github.com/DavidHoenisch/coraza-operator/cmd/main.go:98.38,101.3 2 0
github.com/DavidHoenisch/coraza-operator/cmd/main.go:103.2,103.18 1 0
github.com/DavidHoenisch/coraza-operator/cmd/main.go:103.18,105.3 1 0
github.com/DavidHoenisch/coraza-operator/cmd/main.go:108.2,113.30 3 0
github.com/DavidHoenisch/coraza-operator/cmd/main.go:113.30,122.17 4 0
github.com/DavidHoenisch/coraza-operator/cmd/main.go:122.17,125.4 2 0
github.com/DavidHoenisch/coraza-operator/cmd/main.go:127.3,127.68 1 0
github.com/DavidHoenisch/coraza-operator/cmd/main.go:127.68,129.4 1 0
github.com/DavidHoenisch/coraza-operator/cmd/main.go:132.2,146.19 3 0
github.com/DavidHoenisch/coraza-operator/cmd/main.go:146.19,152.3 1 0
github.com/DavidHoenisch/coraza-operator/cmd/main.go:162.2,162.30 1 0
github.com/DavidHoenisch/coraza-operator/cmd/main.go:162.30,171.17 4 0
github.com/DavidHoenisch/coraza-operator/cmd/main.go:171.17,174.4 2 0
github.com/DavidHoenisch/coraza-operator/cmd/main.go:176.3,176.96 1 0
github.com/DavidHoenisch/coraza-operator/cmd/main.go:176.96,178.4 1 0
github.com/DavidHoenisch/coraza-operator/cmd/main.go:181.2,200.16 2 0
github.com/DavidHoenisch/coraza-operator/cmd/main.go:200.16,203.3 2 0
github.com/DavidHoenisch/coraza-operator/cmd/main.go:205.2,208.39 1 0
github.com/DavidHoenisch/coraza-operator/cmd/main.go:208.39,211.3 2 0
github.com/DavidHoenisch/coraza-operator/cmd/main.go:214.2,214.31 1 0
github.com/DavidHoenisch/coraza-operator/cmd/main.go:214.31,216.53 2 0
github.com/DavidHoenisch/coraza-operator/cmd/main.go:216.53,219.4 2 0
github.com/DavidHoenisch/coraza-operator/cmd/main.go:222.2,222.31 1 0
github.com/DavidHoenisch/coraza-operator/cmd/main.go:222.31,224.53 2 0
github.com/DavidHoenisch/coraza-operator/cmd/main.go:224.53,227.4 2 0
github.com/DavidHoenisch/coraza-operator/cmd/main.go:230.2,230.69 1 0
github.com/DavidHoenisch/coraza-operator/cmd/main.go:230.69,233.3 2 0
github.com/DavidHoenisch/coraza-operator/cmd/main.go:234.2,234.67 1 0
github.com/DavidHoenisch/coraza-operator/cmd/main.go:234.67,237.3 2 0
github.com/DavidHoenisch/coraza-operator/cmd/main.go:239.2,240.61 2 0
github.com/DavidHoenisch/coraza-operator/cmd/main.go:240.61,243.3 2 0
github.com/DavidHoenisch/coraza-operator/test/utils/utils.go:39.27,41.2 1 0
github.com/DavidHoenisch/coraza-operator/test/utils/utils.go:44.41,48.42 3 0
github.com/DavidHoenisch/coraza-operator/test/utils/utils.go:48.42,50.3 1 0
github.com/DavidHoenisch/coraza-operator/test/utils/utils.go:52.2,56.16 5 0
github.com/DavidHoenisch/coraza-operator/test/utils/utils.go:56.16,58.3 1 0
github.com/DavidHoenisch/coraza-operator/test/utils/utils.go:60.2,60.28 1 0
github.com/DavidHoenisch/coraza-operator/test/utils/utils.go:64.40,69.2 4 0
github.com/DavidHoenisch/coraza-operator/test/utils/utils.go:72.36,75.36 3 0
github.com/DavidHoenisch/coraza-operator/test/utils/utils.go:75.36,77.3 1 0
github.com/DavidHoenisch/coraza-operator/test/utils/utils.go:82.39,92.16 4 0
github.com/DavidHoenisch/coraza-operator/test/utils/utils.go:92.16,94.3 1 0
github.com/DavidHoenisch/coraza-operator/test/utils/utils.go:95.2,96.37 2 0
github.com/DavidHoenisch/coraza-operator/test/utils/utils.go:96.37,97.32 1 0
github.com/DavidHoenisch/coraza-operator/test/utils/utils.go:97.32,98.35 1 0
github.com/DavidHoenisch/coraza-operator/test/utils/utils.go:98.35,100.5 1 0
github.com/DavidHoenisch/coraza-operator/test/utils/utils.go:104.2,104.14 1 0
github.com/DavidHoenisch/coraza-operator/test/utils/utils.go:108.29,111.36 3 0
github.com/DavidHoenisch/coraza-operator/test/utils/utils.go:111.36,113.3 1 0
github.com/DavidHoenisch/coraza-operator/test/utils/utils.go:117.33,120.36 3 0
github.com/DavidHoenisch/coraza-operator/test/utils/utils.go:120.36,122.3 1 0
github.com/DavidHoenisch/coraza-operator/test/utils/utils.go:125.2,132.12 3 0
github.com/DavidHoenisch/coraza-operator/test/utils/utils.go:137.40,151.16 4 0
github.com/DavidHoenisch/coraza-operator/test/utils/utils.go:151.16,153.3 1 0
github.com/DavidHoenisch/coraza-operator/test/utils/utils.go:156.2,157.38 2 0
github.com/DavidHoenisch/coraza-operator/test/utils/utils.go:157.38,158.32 1 0
github.com/DavidHoenisch/coraza-operator/test/utils/utils.go:158.32,159.35 1 0
github.com/DavidHoenisch/coraza-operator/test/utils/utils.go:159.35,161.5 1 0
github.com/DavidHoenisch/coraza-operator/test/utils/utils.go:165.2,165.14 1 0
github.com/DavidHoenisch/coraza-operator/test/utils/utils.go:169.56,171.47 2 0
github.com/DavidHoenisch/coraza-operator/test/utils/utils.go:171.47,173.3 1 0
github.com/DavidHoenisch/coraza-operator/test/utils/utils.go:174.2,177.12 4 0
github.com/DavidHoenisch/coraza-operator/test/utils/utils.go:182.47,185.35 3 0
github.com/DavidHoenisch/coraza-operator/test/utils/utils.go:185.35,186.20 1 0
github.com/DavidHoenisch/coraza-operator/test/utils/utils.go:186.20,188.4 1 0
github.com/DavidHoenisch/coraza-operator/test/utils/utils.go:191.2,191.12 1 0
github.com/DavidHoenisch/coraza-operator/test/utils/utils.go:195.38,197.16 2 0
github.com/DavidHoenisch/coraza-operator/test/utils/utils.go:197.16,199.3 1 0
github.com/DavidHoenisch/coraza-operator/test/utils/utils.go:200.2,201.16 2 0
github.com/DavidHoenisch/coraza-operator/test/utils/utils.go:206.59,210.16 2 0
github.com/DavidHoenisch/coraza-operator/test/utils/utils.go:210.16,212.3 1 0
github.com/DavidHoenisch/coraza-operator/test/utils/utils.go:213.2,216.13 3 0
github.com/DavidHoenisch/coraza-operator/test/utils/utils.go:216.13,218.3 1 0
github.com/DavidHoenisch/coraza-operator/test/utils/utils.go:220.2,222.16 3 0
github.com/DavidHoenisch/coraza-operator/test/utils/utils.go:222.16,224.3 1 0
github.com/DavidHoenisch/coraza-operator/test/utils/utils.go:226.2,227.21 2 0
github.com/DavidHoenisch/coraza-operator/test/utils/utils.go:227.21,229.3 1 0
github.com/DavidHoenisch/coraza-operator/test/utils/utils.go:230.2,230.6 1 0
github.com/DavidHoenisch/coraza-operator/test/utils/utils.go:230.6,231.87 1 0
github.com/DavidHoenisch/coraza-operator/test/utils/utils.go:231.87,233.4 1 0
github.com/DavidHoenisch/coraza-operator/test/utils/utils.go:235.3,235.22 1 0
github.com/DavidHoenisch/coraza-operator/test/utils/utils.go:235.22,236.9 1 0
github.com/DavidHoenisch/coraza-operator/test/utils/utils.go:238.3,238.49 1 0
github.com/DavidHoenisch/coraza-operator/test/utils/utils.go:238.49,240.4 1 0
github.com/DavidHoenisch/coraza-operator/test/utils/utils.go:243.2,243.63 1 0
github.com/DavidHoenisch/coraza-operator/test/utils/utils.go:243.63,245.3 1 0
github.com/DavidHoenisch/coraza-operator/test/utils/utils.go:249.2,249.65 1 0
github.com/DavidHoenisch/coraza-operator/test/utils/utils.go:249.65,251.3 1 0
github.com/DavidHoenisch/coraza-operator/test/utils/utils.go:253.2,253.12 1 0
github.com/DavidHoenisch/coraza-operator/internal/controller/ipblocklist_controller.go:56.103,60.66 3 1
github.com/DavidHoenisch/coraza-operator/internal/controller/ipblocklist_controller.go:60.66,62.3 1 0
github.com/DavidHoenisch/coraza-operator/internal/controller/ipblocklist_controller.go:64.2,65.16 2 1
github.com/DavidHoenisch/coraza-operator/internal/controller/ipblocklist_controller.go:65.16,66.75 1 0
github.com/DavidHoenisch/coraza-operator/internal/controller/ipblocklist_controller.go:66.75,68.4 1 0
github.com/DavidHoenisch/coraza-operator/internal/controller/ipblocklist_controller.go:69.3,69.63 1 0
github.com/DavidHoenisch/coraza-operator/internal/controller/ipblocklist_controller.go:72.2,72.51 1 1
github.com/DavidHoenisch/coraza-operator/internal/controller/ipblocklist_controller.go:72.51,74.75 2 0
github.com/DavidHoenisch/coraza-operator/internal/controller/ipblocklist_controller.go:74.75,76.4 1 0
github.com/DavidHoenisch/coraza-operator/internal/controller/ipblocklist_controller.go:77.3,77.63 1 0
github.com/DavidHoenisch/coraza-operator/internal/controller/ipblocklist_controller.go:80.2,81.19 2 1
github.com/DavidHoenisch/coraza-operator/internal/controller/ipblocklist_controller.go:81.19,83.3 1 0
github.com/DavidHoenisch/coraza-operator/internal/controller/ipblocklist_controller.go:85.2,86.16 2 1
github.com/DavidHoenisch/coraza-operator/internal/controller/ipblocklist_controller.go:86.16,87.75 1 0
github.com/DavidHoenisch/coraza-operator/internal/controller/ipblocklist_controller.go:87.75,89.4 1 0
github.com/DavidHoenisch/coraza-operator/internal/controller/ipblocklist_controller.go:90.3,90.54 1 0
github.com/DavidHoenisch/coraza-operator/internal/controller/ipblocklist_controller.go:93.2,93.73 1 1
github.com/DavidHoenisch/coraza-operator/internal/controller/ipblocklist_controller.go:93.73,94.75 1 0
github.com/DavidHoenisch/coraza-operator/internal/controller/ipblocklist_controller.go:94.75,96.4 1 0
github.com/DavidHoenisch/coraza-operator/internal/controller/ipblocklist_controller.go:97.3,97.54 1 0
github.com/DavidHoenisch/coraza-operator/internal/controller/ipblocklist_controller.go:100.2,104.58 5 1
github.com/DavidHoenisch/coraza-operator/internal/controller/ipblocklist_controller.go:104.58,106.3 1 0
github.com/DavidHoenisch/coraza-operator/internal/controller/ipblocklist_controller.go:108.2,114.53 2 1
github.com/DavidHoenisch/coraza-operator/internal/controller/ipblocklist_controller.go:121.9,130.74 3 1
github.com/DavidHoenisch/coraza-operator/internal/controller/ipblocklist_controller.go:130.74,131.21 1 1
github.com/DavidHoenisch/coraza-operator/internal/controller/ipblocklist_controller.go:131.21,133.4 1 1
github.com/DavidHoenisch/coraza-operator/internal/controller/ipblocklist_controller.go:134.3,135.72 2 1
github.com/DavidHoenisch/coraza-operator/internal/controller/ipblocklist_controller.go:137.2,137.12 1 1
github.com/DavidHoenisch/coraza-operator/internal/controller/ipblocklist_controller.go:144.9,147.58 3 0
github.com/DavidHoenisch/coraza-operator/internal/controller/ipblocklist_controller.go:147.58,149.3 1 0
github.com/DavidHoenisch/coraza-operator/internal/controller/ipblocklist_controller.go:150.2,150.16 1 0
github.com/DavidHoenisch/coraza-operator/internal/controller/ipblocklist_controller.go:153.62,154.15 1 1
github.com/DavidHoenisch/coraza-operator/internal/controller/ipblocklist_controller.go:154.15,156.3 1 1
github.com/DavidHoenisch/coraza-operator/internal/controller/ipblocklist_controller.go:157.2,157.32 1 0
github.com/DavidHoenisch/coraza-operator/internal/controller/ipblocklist_controller.go:161.74,166.2 1 0
